
-- Ways to refer to Level 2: most general to most specific --
PUBLIC  "-//IETF//DTD HTML//EN"			html2.dtd
PUBLIC  "-//IETF//DTD HTML 2.0//EN"		html2.dtd
PUBLIC  "-//IETF//DTD HTML Level 2//EN"		html2.dtd
PUBLIC  "-//IETF//DTD HTML 2.0 Level 2//EN"	html2.dtd

-- Ways to refer to Level 1: most general to most specific --
PUBLIC  "-//IETF//DTD HTML Level 1//EN"		html2-1.dtd
PUBLIC  "-//IETF//DTD HTML 2.0 Level 1//EN"	html2-1.dtd

	-- Ways to refer to Level 0: most general to most specific --
PUBLIC  "-//IETF//DTD HTML Level 0//EN"		html2-0.dtd
PUBLIC  "-//IETF//DTD HTML 2.0 Level 0//EN"	html2-0.dtd


-- Ways to refer to Strict Level 2: most general to most specific --
PUBLIC  "-//IETF//DTD HTML Strict//EN"			html2-s.dtd
PUBLIC  "-//IETF//DTD HTML 2.0 Strict//EN"		html2-s.dtd
PUBLIC  "-//IETF//DTD HTML Strict Level 2//EN"		html2-s.dtd
PUBLIC  "-//IETF//DTD HTML 2.0 Strict Level 2//EN"	html2-s.dtd

-- Ways to refer to Strict Level 1: most general to most specific --
PUBLIC  "-//IETF//DTD HTML Strict Level 1//EN"		html2-1s.dtd
PUBLIC  "-//IETF//DTD HTML 2.0 Strict Level 1//EN"	html2-1s.dtd

-- Ways to refer to Strict Level 0: most general to most specific --
PUBLIC  "-//IETF//DTD HTML Strict Level 0//EN"		html2-0s.dtd
PUBLIC  "-//IETF//DTD HTML 2.0 Strict Level 0//EN"	html2-0s.dtd

-- ISO latin 1 entity set for HTML -- 
PUBLIC	"ISO 8879-1986//ENTITIES Added Latin 1//EN//HTML"	ISOlat1.sgml

-- Netscape --
PUBLIC	"-//Mosaic Comm. Corp.//DTD HTML//EN//2.0mcom"		html2-net.dtd

-- HTML 3 --
PUBLIC  "-//IETF//DTD HTML 3.0//EN" 	html3.dtd
PUBLIC  "-//IETF//DTD HTML 3.2//EN" 	html32.dtd
PUBLIC  "-//W3C//DTD HTML Experimental 19960712//EN" july96.dtd

-- Cougar --
-- PUBLIC  "-//W3C//DTD HTML Experimental 19970627//EN" cougar.dtd
-- PUBLIC  "-//W3C//ENTITIES Special//EN//HTML"         HTMLmisc.ent
-- PUBLIC  "-//W3C//ENTITIES Symbols//EN//HTML"         HTMLsym.ent
-- PUBLIC  "-//W3C//ENTITIES Full Latin 1//EN//HTML"    HTMLlat1.ent
-- PUBLIC  "-//W3C//ENTITIES Latin1//EN//HTML"          HTMLlat1.ent

-- HTML 4 --
PUBLIC "-//W3C//DTD HTML 4.0 Draft//EN" html4.dtd

PUBLIC "-//W3C//DTD HTML 4.0 Transitional//EN" loose.dtd


PUBLIC "-//W3C//DTD HTML 4.0//EN" strict.dtd
PUBLIC "-//W3C//DTD HTML 4.0 Transitional//EN" loose.dtd
PUBLIC "-//W3C//DTD HTML 4.0 Frameset//EN" frameset.dtd
PUBLIC "-//W3C//ENTITIES Latin1//EN//HTML" HTMLlat1.ent
PUBLIC "-//W3C//ENTITIES Special//EN//HTML" HTMLspecial.ent
PUBLIC "-//W3C//ENTITIES Symbols//EN//HTML" HTMLsymbol.ent
